Traceback (most recent call last):
  File "/home/vishwa/Desktop/r3_runtime/Phase_4_Explainability/scripts/C1_bigsmiles_invariance.py", line 60, in <module>
    main()
  File "/home/vishwa/Desktop/r3_runtime/Phase_4_Explainability/scripts/C1_bigsmiles_invariance.py", line 40, in main
    df_t = df_t[df_t['smiles'].astype(str).str.contains(chr(42))]
                ^^^^^^^^^^^^^^^^^^^^^^^^^^^^^^^^^^^^^^^^^^^^^^^^
  File "/home/vishwa/Desktop/r3_runtime/Phase_4_Explainability/.venv/lib/python3.12/site-packages/pandas/core/strings/accessor.py", line 142, in wrapper
    return func(self, *args, **kwargs)
           ^^^^^^^^^^^^^^^^^^^^^^^^^^^
  File "/home/vishwa/Desktop/r3_runtime/Phase_4_Explainability/.venv/lib/python3.12/site-packages/pandas/core/strings/accessor.py", line 1496, in contains
    result = self._data.array._str_contains(pat, case, flags, na, regex)
             ^^^^^^^^^^^^^^^^^^^^^^^^^^^^^^^^^^^^^^^^^^^^^^^^^^^^^^^^^^^
  File "/home/vishwa/Desktop/r3_runtime/Phase_4_Explainability/.venv/lib/python3.12/site-packages/pandas/core/strings/object_array.py", line 152, in _str_contains
    pat = re.compile(pat, flags=flags)
          ^^^^^^^^^^^^^^^^^^^^^^^^^^^^
  File "/usr/lib/python3.12/re/__init__.py", line 228, in compile
    return _compile(pattern, flags)
           ^^^^^^^^^^^^^^^^^^^^^^^^
  File "/usr/lib/python3.12/re/__init__.py", line 307, in _compile
    p = _compiler.compile(pattern, flags)
        ^^^^^^^^^^^^^^^^^^^^^^^^^^^^^^^^^
  File "/usr/lib/python3.12/re/_compiler.py", line 745, in compile
    p = _parser.parse(p, flags)
        ^^^^^^^^^^^^^^^^^^^^^^^
  File "/usr/lib/python3.12/re/_parser.py", line 979, in parse
    p = _parse_sub(source, state, flags & SRE_FLAG_VERBOSE, 0)
        ^^^^^^^^^^^^^^^^^^^^^^^^^^^^^^^^^^^^^^^^^^^^^^^^^^^^^^
  File "/usr/lib/python3.12/re/_parser.py", line 460, in _parse_sub
    itemsappend(_parse(source, state, verbose, nested + 1,
                ^^^^^^^^^^^^^^^^^^^^^^^^^^^^^^^^^^^^^^^^^^
  File "/usr/lib/python3.12/re/_parser.py", line 687, in _parse
    raise source.error("nothing to repeat",
re.error: nothing to repeat at position 0
