  tg block1 -> aromaticity: R2=0.895
  tg block1 -> heavy_atoms: R2=0.963
  tg block1 -> hbond_donors: R2=0.825
  tg block1 -> hbond_acceptors: R2=0.919
  tg block1 -> ring_density: R2=0.870
  tg block1 -> aromatic_bond_frac: R2=0.881
  tg block1 -> polar_atoms: R2=0.630
  tg block2 -> aromaticity: R2=0.843
  tg block2 -> heavy_atoms: R2=0.922
  tg block2 -> hbond_donors: R2=0.670
  tg block2 -> hbond_acceptors: R2=0.786
  tg block2 -> ring_density: R2=0.813
  tg block2 -> aromatic_bond_frac: R2=0.826
  tg block2 -> polar_atoms: R2=0.448
  tg block3 -> aromaticity: R2=0.767
  tg block3 -> heavy_atoms: R2=0.880
  tg block3 -> hbond_donors: R2=0.473
  tg block3 -> hbond_acceptors: R2=0.639
  tg block3 -> ring_density: R2=0.743
  tg block3 -> aromatic_bond_frac: R2=0.742
  tg block3 -> polar_atoms: R2=0.270
  egc block1 -> aromaticity: R2=0.901
  egc block1 -> heavy_atoms: R2=0.886
  egc block1 -> hbond_donors: R2=0.644
  egc block1 -> hbond_acceptors: R2=0.828
  egc block1 -> ring_density: R2=0.771
  egc block1 -> aromatic_bond_frac: R2=0.892
  egc block1 -> polar_atoms: R2=0.522
  egc block2 -> aromaticity: R2=0.864
  egc block2 -> heavy_atoms: R2=0.797
  egc block2 -> hbond_donors: R2=0.491
  egc block2 -> hbond_acceptors: R2=0.663
  egc block2 -> ring_density: R2=0.698
  egc block2 -> aromatic_bond_frac: R2=0.856
  egc block2 -> polar_atoms: R2=0.380
  egc block3 -> aromaticity: R2=0.818
  egc block3 -> heavy_atoms: R2=0.751
  egc block3 -> hbond_donors: R2=0.363
  egc block3 -> hbond_acceptors: R2=0.526
  egc block3 -> ring_density: R2=0.662
  egc block3 -> aromatic_bond_frac: R2=0.811
  egc block3 -> polar_atoms: R2=0.325
  nc block1 -> aromaticity: R2=0.906
  nc block1 -> heavy_atoms: R2=0.916
  nc block1 -> hbond_donors: R2=0.809
  nc block1 -> hbond_acceptors: R2=0.820
  nc block1 -> ring_density: R2=0.855
  nc block1 -> aromatic_bond_frac: R2=0.889
  nc block1 -> polar_atoms: R2=0.753
  nc block2 -> aromaticity: R2=0.806
  nc block2 -> heavy_atoms: R2=0.826
  nc block2 -> hbond_donors: R2=0.591
  nc block2 -> hbond_acceptors: R2=0.319
  nc block2 -> ring_density: R2=0.783
  nc block2 -> aromatic_bond_frac: R2=0.795
  nc block2 -> polar_atoms: R2=0.443
  nc block3 -> aromaticity: R2=0.754
  nc block3 -> heavy_atoms: R2=0.804
  nc block3 -> hbond_donors: R2=0.439
  nc block3 -> hbond_acceptors: R2=0.517
  nc block3 -> ring_density: R2=0.681
  nc block3 -> aromatic_bond_frac: R2=0.729
  nc block3 -> polar_atoms: R2=0.573
  eps block1 -> aromaticity: R2=0.934
  eps block1 -> heavy_atoms: R2=0.845
  eps block1 -> hbond_donors: R2=0.759
  eps block1 -> hbond_acceptors: R2=0.842
  eps block1 -> ring_density: R2=0.872
  eps block1 -> aromatic_bond_frac: R2=0.925
  eps block1 -> polar_atoms: R2=0.689
  eps block2 -> aromaticity: R2=0.738
  eps block2 -> heavy_atoms: R2=0.864
  eps block2 -> hbond_donors: R2=0.419
  eps block2 -> hbond_acceptors: R2=0.577
  eps block2 -> ring_density: R2=0.643
  eps block2 -> aromatic_bond_frac: R2=0.716
  eps block2 -> polar_atoms: R2=0.745
  eps block3 -> aromaticity: R2=0.750
  eps block3 -> heavy_atoms: R2=0.839
  eps block3 -> hbond_donors: R2=0.229
  eps block3 -> hbond_acceptors: R2=0.582
  eps block3 -> ring_density: R2=0.667
  eps block3 -> aromatic_bond_frac: R2=0.725
  eps block3 -> polar_atoms: R2=0.642
A2_linear_probes.py DONE in 43s
