# Phase 4 Scorecard

Auto-generated 2026-08-30 17:35 by 18_scorecard.py

| Req | Criterion | Artifacts | Check | Status |
|---|---|---|---|---|
| R1.1 | Global SHAP importance | shap_beeswarm_tg.png, shap_beeswarm_egc.png, shap_beeswarm_egb.png… | files exist | PASS |
| R1.2 | Local SHAP + mol viz | local_shap_tg_0.png, shap_force_tg_0.png | files exist | PASS |
| R1.3 | Fidelity test | fidelity_curve_tg.png, fidelity_table.csv | drop_top_shap > drop_random (drop_top=0.851 vs random=0.043 @10%) | PASS |
| R1.4 | Cross-model agreement | explanation_agreement_heatmap.png, explanation_agreement.csv | mean spearman >= 0.60 (mean ρ=0.471) | FAIL |
| R1.5 | Physics decomposition | physics_decomp_eps_shap.png | file exists | PASS |
| R2.1 | SMILES prediction invariance | smiles_invariance_boxplot.png, smiles_invariance_violation_rate.csv, smiles_invariance_per_target.csv | violation rate < 5% at 1σ | PARTIAL |
| R2.2 | Canonicalization audit | canonicalization_check.txt | file exists | PASS |
| R2.3 | Attribution invariance | attribution_invariance_per_target.csv, attribution_invariance_scatter.png | cosine >= 0.70 (mean cos=0.980) | PASS |
| R2.4 | Oligomer invariance | oligomer_invariance.csv, oligomer_invariance_plot.png | file exists | PASS |
| R3.1 | Structured CV | cv_validation_table.csv, cv_validation_barplot.png | file exists | PASS |
| R3.2 | Conformal prediction | conformal_coverage_table.csv, conformal_calibration_plot.png, test_predictions_with_intervals.csv | coverage within +/-3% (max |Δcoverage|=0.089) | FAIL |
| R3.3 | Error-uncertainty correlation | error_uncertainty_correlation.csv | rho >= 0.30 for >=5 targets (n targets ρ>=0.30: 1) | FAIL |
| R3.4 | Applicability domain | ad_analysis_table.csv, ad_analysis_plot.png, ad_test_similarity.csv | file exists | PASS |
| R3.5 | Seed stability | seed_stability.csv | std < 0.005 (std=0.00182) | PASS |
... scorecard.md written (passed 13/17)
18_scorecard.py DONE in 0s
